2025-01-01T22:37:29.617-03:00  INFO 18648 --- [ex_api_grupo11] [restartedMain] e.e.ExApiGrupo11Application              : Starting ExApiGrupo11Application using Java 21.0.5 with PID 18648 (D:\CIISA\Trimestre 03\Desarrollo de Software Web II\ex_api_grupo11\target\classes started by Gonzalo in D:\CIISA\Trimestre 03\Desarrollo de Software Web II\ex_api_grupo11)
2025-01-01T22:37:29.623-03:00  INFO 18648 --- [ex_api_grupo11] [restartedMain] e.e.ExApiGrupo11Application              : No active profile set, falling back to 1 default profile: "default"
2025-01-01T22:37:29.778-03:00  INFO 18648 --- [ex_api_grupo11] [restartedMain] .e.DevToolsPropertyDefaultsPostProcessor : Devtools property defaults active! Set 'spring.devtools.add-properties' to 'false' to disable
2025-01-01T22:37:29.803-03:00  INFO 18648 --- [ex_api_grupo11] [restartedMain] .e.DevToolsPropertyDefaultsPostProcessor : For additional web related logging consider setting the 'logging.level.web' property to 'DEBUG'
2025-01-01T22:37:32.668-03:00  INFO 18648 --- [ex_api_grupo11] [restartedMain] .s.d.r.c.RepositoryConfigurationDelegate : Bootstrapping Spring Data JPA repositories in DEFAULT mode.
2025-01-01T22:37:32.739-03:00  INFO 18648 --- [ex_api_grupo11] [restartedMain] .s.d.r.c.RepositoryConfigurationDelegate : Finished Spring Data repository scanning in 43 ms. Found 0 JPA repository interfaces.
2025-01-01T22:37:34.531-03:00  INFO 18648 --- [ex_api_grupo11] [restartedMain] o.s.b.w.embedded.tomcat.TomcatWebServer  : Tomcat initialized with port 8080 (http)
2025-01-01T22:37:34.606-03:00  INFO 18648 --- [ex_api_grupo11] [restartedMain] o.apache.catalina.core.StandardService   : Starting service [Tomcat]
2025-01-01T22:37:34.608-03:00  INFO 18648 --- [ex_api_grupo11] [restartedMain] o.apache.catalina.core.StandardEngine    : Starting Servlet engine: [Apache Tomcat/10.1.34]
2025-01-01T22:37:34.804-03:00  INFO 18648 --- [ex_api_grupo11] [restartedMain] o.a.c.c.C.[Tomcat].[localhost].[/]       : Initializing Spring embedded WebApplicationContext
2025-01-01T22:37:34.806-03:00  INFO 18648 --- [ex_api_grupo11] [restartedMain] w.s.c.ServletWebServerApplicationContext : Root WebApplicationContext: initialization completed in 4998 ms
2025-01-01T22:37:35.837-03:00  INFO 18648 --- [ex_api_grupo11] [restartedMain] o.hibernate.jpa.internal.util.LogHelper  : HHH000204: Processing PersistenceUnitInfo [name: default]
2025-01-01T22:37:36.139-03:00  INFO 18648 --- [ex_api_grupo11] [restartedMain] org.hibernate.Version                    : HHH000412: Hibernate ORM core version 6.6.4.Final
2025-01-01T22:37:36.230-03:00  INFO 18648 --- [ex_api_grupo11] [restartedMain] o.h.c.internal.RegionFactoryInitiator    : HHH000026: Second-level cache disabled
2025-01-01T22:37:36.945-03:00  INFO 18648 --- [ex_api_grupo11] [restartedMain] o.s.o.j.p.SpringPersistenceUnitInfo      : No LoadTimeWeaver setup: ignoring JPA class transformer
2025-01-01T22:37:37.046-03:00  INFO 18648 --- [ex_api_grupo11] [restartedMain] com.zaxxer.hikari.HikariDataSource       : HikariPool-1 - Starting...
2025-01-01T22:37:37.395-03:00  INFO 18648 --- [ex_api_grupo11] [restartedMain] com.zaxxer.hikari.pool.HikariPool        : HikariPool-1 - Added connection com.mysql.cj.jdbc.ConnectionImpl@61ed6d54
2025-01-01T22:37:37.395-03:00  INFO 18648 --- [ex_api_grupo11] [restartedMain] com.zaxxer.hikari.HikariDataSource       : HikariPool-1 - Start completed.
2025-01-01T22:37:37.506-03:00  WARN 18648 --- [ex_api_grupo11] [restartedMain] org.hibernate.dialect.Dialect            : HHH000511: The 5.5.5 version for [org.hibernate.dialect.MySQLDialect] is no longer supported, hence certain features may not work properly. The minimum supported version is 8.0.0. Check the community dialects project for available legacy versions.
2025-01-01T22:37:37.519-03:00  WARN 18648 --- [ex_api_grupo11] [restartedMain] org.hibernate.orm.deprecation            : HHH90000025: MySQLDialect does not need to be specified explicitly using 'hibernate.dialect' (remove the property setting and it will be selected by default)
2025-01-01T22:37:37.581-03:00  INFO 18648 --- [ex_api_grupo11] [restartedMain] org.hibernate.orm.connections.pooling    : HHH10001005: Database info:
	Database JDBC URL [Connecting through datasource 'HikariDataSource (HikariPool-1)']
	Database driver: undefined/unknown
	Database version: 5.5.5
	Autocommit mode: undefined/unknown
	Isolation level: undefined/unknown
	Minimum pool size: undefined/unknown
	Maximum pool size: undefined/unknown
2025-01-01T22:37:42.696-03:00  INFO 18648 --- [ex_api_grupo11] [restartedMain] o.h.e.t.j.p.i.JtaPlatformInitiator       : HHH000489: No JTA platform available (set 'hibernate.transaction.jta.platform' to enable JTA platform integration)
2025-01-01T22:37:47.199-03:00  INFO 18648 --- [ex_api_grupo11] [restartedMain] j.LocalContainerEntityManagerFactoryBean : Initialized JPA EntityManagerFactory for persistence unit 'default'
2025-01-01T22:37:47.531-03:00  WARN 18648 --- [ex_api_grupo11] [restartedMain] JpaBaseConfiguration$JpaWebConfiguration : spring.jpa.open-in-view is enabled by default. Therefore, database queries may be performed during view rendering. Explicitly configure spring.jpa.open-in-view to disable this warning
2025-01-01T22:37:48.678-03:00  WARN 18648 --- [ex_api_grupo11] [restartedMain] .s.s.UserDetailsServiceAutoConfiguration : 

Using generated security password: d78f0fb5-b002-4d7d-92c1-d612316302a3

This generated password is for development use only. Your security configuration must be updated before running your application in production.

2025-01-01T22:37:48.765-03:00  INFO 18648 --- [ex_api_grupo11] [restartedMain] r$InitializeUserDetailsManagerConfigurer : Global AuthenticationManager configured with UserDetailsService bean with name inMemoryUserDetailsManager
2025-01-01T22:37:49.262-03:00  INFO 18648 --- [ex_api_grupo11] [restartedMain] o.s.b.d.a.OptionalLiveReloadServer       : LiveReload server is running on port 35729
2025-01-01T22:37:49.394-03:00  INFO 18648 --- [ex_api_grupo11] [restartedMain] o.s.b.w.embedded.tomcat.TomcatWebServer  : Tomcat started on port 8080 (http) with context path '/'
2025-01-01T22:37:49.463-03:00  INFO 18648 --- [ex_api_grupo11] [restartedMain] e.e.ExApiGrupo11Application              : Started ExApiGrupo11Application in 21.061 seconds (process running for 22.865)
